exports[`Bankers GUI display component rendering Renders as expected (compared to a snapshot). 1`] = `
<div
  className="BankersGUI-main">
  <div
    className="BankersGUI-component">
    <form
      className="BankersForm"
      onSubmit={[Function]}>
      <h4>
        Bankers Celebration Dinner
      </h4>
      <p>
        ...but who should pay?
      </p>
      <label
        htmlFor="joinName">
        Join meal as
      </label>
      <input
        id="joinName"
        onChange={[Function]}
        type="text"
        value="" />
      <label
        htmlFor="bonusValue">
        Bonus
      </label>
      <input
        id="bonusValue"
        onChange={[Function]}
        type="text"
        value="" />
      <label
        className="BankersForm-inline"
        htmlFor="finished">
        Have all joined?
      </label>
      <input
        checked={false}
        className="BankersForm-inline"
        id="finished"
        onChange={[Function]}
        type="checkbox" />
      <p />
      <button
        disabled="disabled"
        style={
          Object {
            "marginRight": "2rem",
          }
        }
        type="submit">
        Send
      </button>
      <button
        disabled="disabled"
        onClick={[Function]}
        type="button">
        Reset
      </button>
      <p
        className="infoMessage">
        
      </p>
    </form>
  </div>
  <div
    className="BankersGUI-component">
    <div
      className="BankersTable">
      <div
        className="place"
        style={
          Object {
            "transform": "translate(0rem, -120px) rotate(180deg)",
          }
        }>
        <div
          className="place-setting">
          <div
            style={
              Object {
                "transform": "rotate(-180deg)",
              }
            }>
            
          </div>
        </div>
      </div>
      <div
        className="place"
        style={
          Object {
            "transform": "translate(85px, -85px) rotate(225deg)",
          }
        }>
        <div
          className="place-setting">
          <div
            style={
              Object {
                "transform": "rotate(-225deg)",
              }
            }>
            
          </div>
        </div>
      </div>
      <div
        className="place"
        style={
          Object {
            "transform": "translate(120px, 0px) rotate(270deg)",
          }
        }>
        <div
          className="place-setting">
          <div
            style={
              Object {
                "transform": "rotate(-270deg)",
              }
            }>
            
          </div>
        </div>
      </div>
      <div
        className="place"
        style={
          Object {
            "transform": "translate(85px, 85px) rotate(315deg)",
          }
        }>
        <div
          className="place-setting">
          <div
            style={
              Object {
                "transform": "rotate(-315deg)",
              }
            }>
            
          </div>
        </div>
      </div>
      <div
        className="place"
        style={
          Object {
            "transform": "translate(0px, 120px) rotate(0deg)",
          }
        }>
        <div
          className="place-setting">
          <div
            style={
              Object {
                "transform": "rotate(-0deg)",
              }
            }>
            
          </div>
        </div>
      </div>
      <div
        className="place"
        style={
          Object {
            "transform": "translate(-85px, 85px) rotate(45deg)",
          }
        }>
        <div
          className="place-setting">
          <div
            style={
              Object {
                "transform": "rotate(-45deg)",
              }
            }>
            
          </div>
        </div>
      </div>
      <div
        className="place"
        style={
          Object {
            "transform": "translate(-120px, 0px) rotate(90deg)",
          }
        }>
        <div
          className="place-setting">
          <div
            style={
              Object {
                "transform": "rotate(-90deg)",
              }
            }>
            
          </div>
        </div>
      </div>
      <div
        className="place"
        style={
          Object {
            "transform": "translate(-85px, -85px) rotate(135deg)",
          }
        }>
        <div
          className="place-setting">
          <div
            style={
              Object {
                "transform": "rotate(-135deg)",
              }
            }>
            
          </div>
        </div>
      </div>
    </div>
  </div>
  <div
    className="BankersGUI-component">
    <div
      style={
        Object {
          "border": "1px solid darkgrey",
          "margin": "0 auto",
          "padding": "0px 10px 5px 10px",
          "textAlign": "left",
        }
      }>
      <p
        style={
          Object {
            "color": "rgb(28, 118, 152)",
            "fontSize": "16px",
            "fontWeight": "bold",
            "marginRight": "10px",
          }
        }>
        Spdz Proxy Servers
      </p>
      <div
        style={
          Object {
            "display": "flex",
            "flexFlow": "row wrap",
            "margin": "0px 0px 10px 0px",
          }
        }>
        <div
          style={
            Object {
              "backgroundColor": "lightgrey",
              "border": "1px solid black",
              "borderRadius": "50%",
              "width": "20px",
            }
          } />
        <div
          style={
            Object {
              "fontSize": "14px",
              "paddingLeft": "10px",
            }
          }>
          http://spdzProxy.one:4000
        </div>
      </div>
      <div
        style={
          Object {
            "display": "flex",
            "flexFlow": "row wrap",
            "margin": "0px 0px 10px 0px",
          }
        }>
        <div
          style={
            Object {
              "backgroundColor": "lightgrey",
              "border": "1px solid black",
              "borderRadius": "50%",
              "width": "20px",
            }
          } />
        <div
          style={
            Object {
              "fontSize": "14px",
              "paddingLeft": "10px",
            }
          }>
          http://spdzProxy.two:4000
        </div>
      </div>
    </div>
  </div>
</div>
`;
